Show coder version

Usage:
  coder version [flags]

Options
  -h, --help  
          help for version.
