Output the connection URL for the built-in PostgreSQL deployment.

Usage:
  coder server postgres-builtin-url [flags]

Flags:
      --raw-url   Output the raw connection URL instead of a psql command.
