Usage: coder reset-password <username>

Directly connect to the database to reset a user's password

[1mOptions[0m
      --postgres-url, $CODER_PG_CONNECTION_URL
          URL of a PostgreSQL database to connect to.

---
Run `coder --help` for a list of global options.
