Start a workspace

Usage:
  coder start <workspace> [flags]

Flags:
  -h, --help   help for start
  -y, --yes    Bypass prompts
