Get started with a templated template.

Usage:
  coder templates init [directory] [flags]

Options
  -h, --help  
          help for init.
