Unauthenticate your local session

Usage:
  coder logout [flags]

Options
  -h, --help  
          help for logout.
          
  -y, --yes  
          Bypass prompts.
