Manage users

Usage:
  coder users [subcommand]

Aliases: user

Commands:
    activate    Update a user's status to 'active'. Active users can fully
                interact with the platform
    create      
    list        
    show        Show a single user. Use 'me' to indicate the currently
                authenticated user.
    suspend     Update a user's status to 'suspended'. A suspended user cannot
                log into the platform

