Create a template from the current directory or as specified by flag

Usage:
  coder templates create [name] [flags]

Flags:
      --default-ttl duration          Specify a default TTL for workspaces created from this
                                      template (default 24h0m0s)
  -d, --directory string              Specify the directory to create from, use '-' to read
                                      tar from stdin (default "[current directory]")
  -h, --help                          help for create
      --parameter-file string         Specify a file path with parameter values
      --provisioner-tag stringArray   Specify a set of tags to target provisioner daemons
      --variable stringArray          Specify a set of values for Terraform-managed variables
      --variables-file string         Specify a file path with values for Terraform-managed
                                      variables
  -y, --yes                           Bypass prompts
