Run a scale test against the Coder API

Usage:
  coder scaletest

Commands:
  cleanup           Cleanup any orphaned scaletest resources
  create-workspaces Creates many users and a workspace for each one, then waits
                    for them to be ready

