Rename a workspace

Usage:
  coder rename [flags] <workspace> <new name>

Flags:
  -y, --yes   Bypass prompts.
