Delete a token

Usage:
  coder tokens remove [name] [flags]

Aliases:
  remove, rm

Flags:
  -h, --help   help for remove
