Update a user's status to 'active'. Active users can fully interact with the
platform

Usage:
  coder users activate <username|user_id> [flags]

Aliases:
  activate, active

[;m$ coder users activate example_user[0m

Flags:
  -c, --column stringArray   Specify a column to filter in the table (default [username,email,created_at,status])
