Cleanup scaletest workspaces, then cleanup scaletest users. The strategy flags will apply to each stage of the cleanup process.

Usage:
  coder scaletest cleanup [flags]

Flags:
      --cleanup-concurrency int        Number of concurrent cleanup jobs to run. 0 means
                                       unlimited
                                       Consumes $CODER_SCALETEST_CLEANUP_CONCURRENCY (default 1)
      --cleanup-job-timeout duration   Timeout per job. Jobs may take longer to complete under
                                       higher concurrency limits
                                       Consumes $CODER_SCALETEST_CLEANUP_JOB_TIMEOUT (default 5m0s)
      --cleanup-timeout duration       Timeout for the entire cleanup run. 0 means unlimited
                                       Consumes $CODER_SCALETEST_CLEANUP_TIMEOUT (default 30m0s)
  -h, --help                           help for cleanup
