Stop a workspace

Usage:
  coder stop [flags] <workspace>

Flags:
  -y, --yes   Bypass prompts.
