Pull a Terraform state file from a workspace.

Usage:
  coder state pull <workspace> [file] [flags]

Flags:
  -b, --build int   Specify a workspace build to target by name.
  -h, --help        help for pull
