Usage: coder templates list

List all the templates available for the organization

Aliases: ls

[1mOptions[0m
  -c, --column (default: name,last updated,used by)
          Columns to display in table output. Available columns: name, created
          at, last updated, organization id, provisioner, active version id,
          used by, default ttl.

  -o, --output (default: table)
          Output format. Available formats: table, json.

---
Run `coder --help` for a list of global options.
