Display details of a workspace's resources and agents

Usage:
  coder show <workspace> [flags]

Options
  -h, --help  
          help for show.
