Authenticate with Coder deployment

Usage:
  coder login <url> [flags]

Flags:
      --first-user-email string      Specifies an email address to use if creating the first
                                     user for the deployment.
                                     Consumes $CODER_FIRST_USER_EMAIL
      --first-user-password string   Specifies a password to use if creating the first user
                                     for the deployment.
                                     Consumes $CODER_FIRST_USER_PASSWORD
      --first-user-trial             Specifies whether a trial license should be provisioned
                                     for the Coder deployment or not.
                                     Consumes $CODER_FIRST_USER_TRIAL
      --first-user-username string   Specifies a username to use if creating the first user
                                     for the deployment.
                                     Consumes $CODER_FIRST_USER_USERNAME
  -h, --help                         help for login
