Push a Terraform state file to a workspace.

Usage:
  coder state push <workspace> <file> [flags]

Flags:
  -b, --build int   Specify a workspace build to target by name
  -h, --help        help for push
