Usage: coder server postgres-builtin-serve

Run the built-in PostgreSQL deployment.

[1mOptions[0m
      --raw-url (default: false)
          Output the raw connection URL instead of a psql command.

---
Run `coder --help` for a list of global options.
