
Usage:
  coder users create [flags]

Flags:
  -e, --email string      Specifies an email address for the new user
  -p, --password string   Specifies a password for the new user
  -u, --username string   Specifies a username for the new user
