Usage: coder users list

[1mOptions[0m
  -c, --column (default: username,email,created_at,status)
          Columns to display in table output. Available columns: id, username,
          email, created at, status.

  -o, --output (default: table)
          Output format. Available formats: table, json.

---
Run `coder --help` for a list of global options.
