Tokens are used to authenticate automated clients to Coder.

Usage:
  coder tokens [flags]

  coder tokens [command]

Aliases:
  tokens, token

Get Started:
  - Create a token for automation:                                              

      [;m$ coder tokens create[0m 

  - List your tokens:                                                           

      [;m$ coder tokens ls[0m 

  - Remove a token by ID:                                                       

      [;m$ coder tokens rm WuoWs4ZsMX[0m 

Commands:
  create      Create a token
  list        List tokens
  remove      Delete a token

Flags:
  -h, --help   help for tokens

Use "coder tokens [command] --help" for more information about a command.
