Download the latest version of a template to a path.

Usage:
  coder templates pull <name> [destination] [flags]

Flags:
  -h, --help   help for pull
      --tar    output the template as a tar archive to stdout
  -y, --yes    Bypass prompts
