Restart a workspace

Usage:
  coder restart <workspace> [flags]

Flags:
  -y, --yes   Bypass prompts
