Delete templates

Usage:
  coder templates delete [flags] [name...]

Flags:
  -y, --yes   Bypass prompts.
