Usage: coder tokens create

Create a token

Options
    --lifetime, $CODER_TOKEN_LIFETIME 
        Specify a duration for the lifetime of the token.

    --name, $CODER_TOKEN_NAME 
        Specify a human-readable name.

---
Run `coder --help` for a list of global options.
