Usage: coder update <workspace>

Will update and start a given workspace if it is out of date.

Will update and start a given workspace if it is out of date. Use
--always-prompt to change the parameter values of the workspace.

[1mOptions[0m
    --always-prompt (default: false) 
        Always prompt all parameters. Does not pull parameter values from
        existing workspace.

    --parameter-file, $CODER_PARAMETER_FILE 
        Specify a file path with parameter values.

    --rich-parameter-file, $CODER_RICH_PARAMETER_FILE 
        Specify a file path with values for rich parameters defined in the
        template.

---
Run `coder --help` for a list of global options.
