Coder v0.0.0-devel â€” A tool for provisioning self-hosted development environments with Terraform.

Usage:
  coder [flags]

  coder [command]

Get Started:
  - Start a Coder server:                                                       

      [;m$ coder server[0m 

  - Get started by creating a template from an example:                         

      [;m$ coder templates init[0m 

Commands:
  completion     Generate the autocompletion script for the specified shell
  dotfiles       Checkout and install a dotfiles repository from a Git URL
  help           Help about any command
  login          Authenticate with Coder deployment
  logout         Unauthenticate your local session
  port-forward   Forward ports from machine to a workspace
  publickey      Output your Coder public key used for Git operations
  reset-password Directly connect to the database to reset a user's password
  scaletest      Run a scale test against the Coder API
  server         Start a Coder server
  state          Manually manage Terraform state to fix broken workspaces
  templates      Manage templates
  tokens         Manage personal access tokens
  users          Manage users
  version        Show coder version

Workspace Commands:
  config-ssh     Add an SSH Host entry for your workspaces "ssh coder.workspace"
  create         Create a workspace
  delete         Delete a workspace
  list           List workspaces
  ping           Ping a workspace
  rename         Rename a workspace
  restart        Restart a workspace
  schedule       Schedule automated start and stop times for workspaces
  show           Display details of a workspace's resources and agents
  speedtest      Run upload and download tests from your machine to a workspace
  ssh            Start a shell into a workspace
  start          Start a workspace
  stop           Stop a workspace
  update         Will update and start a given workspace if it is out of date.

Options
      --global-config coder   (default "~/.config/coderv2")
          $$CODER_CONFIG_DIR
          Path to the global coder config directory.
          
      --header stringArray  
          $$CODER_HEADER
          HTTP headers added to all requests. Provide as "Key=Value".
          
  -h, --help  
          help for coder.
          
      --no-feature-warning  
          $$CODER_NO_FEATURE_WARNING
          Suppress warnings about unlicensed features.
          
      --no-version-warning  
          $$CODER_NO_VERSION_WARNING
          Suppress warning when client and server versions do not match.
          
      --token string  
          $$CODER_SESSION_TOKEN
          Specify an authentication token. For security reasons setting
          CODER_SESSION_TOKEN is preferred.
          
      --url string  
          $$CODER_URL
          URL to a deployment.
          
  -v, --verbose  
          $$CODER_VERBOSE
          Enable verbose output.

Use "coder [command] --help" for more information about a command.
